   text	   data	    bss	    dec	    hex	filename
 0x4a8c	 0x16b4	  0x22c	  25452	   636c	/home/vlad/Desktop/CF_AIDECK/bitcraze_uart/BUILD/GAP8_V2/GCC_RISCV/test
/home/vlad/Desktop/CF_AIDECK/bitcraze_uart/BUILD/GAP8_V2/GCC_RISCV/test:1b000c08 00000001 D camera_isAwaked	/home/vlad/Desktop/PULP/gap-sdk-3.9/gap_sdk/rtos/pulp/pulp-os/drivers_deprecated/camera/himax.c:150
/home/vlad/Desktop/CF_AIDECK/bitcraze_uart/BUILD/GAP8_V2/GCC_RISCV/test:00000388 00000001 D __rt_hyper_pending_emu_do_memcpy	/home/vlad/Desktop/PULP/gap-sdk-3.9/gap_sdk/rtos/pulp/pulp-os/drivers/hyper/hyperram-v1.c:53
/home/vlad/Desktop/CF_AIDECK/bitcraze_uart/BUILD/GAP8_V2/GCC_RISCV/test:1c004eec 00000001 B to_send
/home/vlad/Desktop/CF_AIDECK/bitcraze_uart/BUILD/GAP8_V2/GCC_RISCV/test:1c000eac 00000002 W illegal_insn_handler_c	/home/vlad/Desktop/PULP/gap-sdk-3.9/gap_sdk/rtos/pulp/pulp-os/kernel/irq.c:89
/home/vlad/Desktop/CF_AIDECK/bitcraze_uart/BUILD/GAP8_V2/GCC_RISCV/test:1c0017d0 00000002 T pi_time_wait_us	/home/vlad/Desktop/PULP/gap-sdk-3.9/gap_sdk/rtos/pulp/pulp-os/kernel/time.c:131
/home/vlad/Desktop/CF_AIDECK/bitcraze_uart/BUILD/GAP8_V2/GCC_RISCV/test:1c001fda 00000002 T __rt_fll_deinit	/home/vlad/Desktop/PULP/gap-sdk-3.9/gap_sdk/rtos/pulp/pulp-os/kernel/gap/pmu_driver.c:876
/home/vlad/Desktop/CF_AIDECK/bitcraze_uart/BUILD/GAP8_V2/GCC_RISCV/test:1c001fdc 00000002 T __rt_flls_constructor	/home/vlad/Desktop/PULP/gap-sdk-3.9/gap_sdk/rtos/pulp/pulp-os/kernel/gap/pmu_driver.c:880
/home/vlad/Desktop/CF_AIDECK/bitcraze_uart/BUILD/GAP8_V2/GCC_RISCV/test:1c004c10 00000003 d ToHWDCDC_Pos	/home/vlad/Desktop/PULP/gap-sdk-3.9/gap_sdk/rtos/pulp/pulp-os/kernel/gap/pmu_driver.c:192
/home/vlad/Desktop/CF_AIDECK/bitcraze_uart/BUILD/GAP8_V2/GCC_RISCV/test:1c0046a8 00000004 t ctor_list	/home/vlad/Desktop/PULP/gap-sdk-3.9/gap_sdk/rtos/pulp/pulp-os/kernel/init.c:29
/home/vlad/Desktop/CF_AIDECK/bitcraze_uart/BUILD/GAP8_V2/GCC_RISCV/test:1c0046f0 00000004 t dtor_list	/home/vlad/Desktop/PULP/gap-sdk-3.9/gap_sdk/rtos/pulp/pulp-os/kernel/init.c:30
/home/vlad/Desktop/CF_AIDECK/bitcraze_uart/BUILD/GAP8_V2/GCC_RISCV/test:1c004efc 00000004 B first_delayed
/home/vlad/Desktop/CF_AIDECK/bitcraze_uart/BUILD/GAP8_V2/GCC_RISCV/test:1c004ec8 00000004 b __pi_hyper_cluster_reqs_first	/home/vlad/Desktop/PULP/gap-sdk-3.9/gap_sdk/rtos/pulp/pulp-os/drivers/hyper/hyperram-v1.c:62
/home/vlad/Desktop/CF_AIDECK/bitcraze_uart/BUILD/GAP8_V2/GCC_RISCV/test:1c000e5c 00000004 T pi_open_from_conf	/home/vlad/Desktop/PULP/gap-sdk-3.9/gap_sdk/rtos/pulp/pulp-os/kernel/init.c:325
/home/vlad/Desktop/CF_AIDECK/bitcraze_uart/BUILD/GAP8_V2/GCC_RISCV/test:1c004c14 00000004 D PMURetentionState
/home/vlad/Desktop/CF_AIDECK/bitcraze_uart/BUILD/GAP8_V2/GCC_RISCV/test:000003a4 00000004 D pwmEventsStatus	/home/vlad/Desktop/PULP/gap-sdk-3.9/gap_sdk/rtos/pulp/pulp-os/drivers/pwm/pwm.c:9
/home/vlad/Desktop/CF_AIDECK/bitcraze_uart/BUILD/GAP8_V2/GCC_RISCV/test:1c004c20 00000004 d RetPMUStateToPMUState	/home/vlad/Desktop/PULP/gap-sdk-3.9/gap_sdk/rtos/pulp/pulp-os/kernel/gap/pmu_driver.c:185
/home/vlad/Desktop/CF_AIDECK/bitcraze_uart/BUILD/GAP8_V2/GCC_RISCV/test:1c004ef8 00000004 B __rt_alloc_fc_tcdm
/home/vlad/Desktop/CF_AIDECK/bitcraze_uart/BUILD/GAP8_V2/GCC_RISCV/test:1c004ef0 00000004 B __rt_alloc_l1
/home/vlad/Desktop/CF_AIDECK/bitcraze_uart/BUILD/GAP8_V2/GCC_RISCV/test:1c004ef4 00000004 B __rt_alloc_l2
/home/vlad/Desktop/CF_AIDECK/bitcraze_uart/BUILD/GAP8_V2/GCC_RISCV/test:00000014 00000004 d __rt_bridge_eeprom_handle	/home/vlad/Desktop/PULP/gap-sdk-3.9/gap_sdk/rtos/pulp/pulp-os/kernel/bridge.c:25
/home/vlad/Desktop/CF_AIDECK/bitcraze_uart/BUILD/GAP8_V2/GCC_RISCV/test:00000010 00000004 d __rt_bridge_flash_cs	/home/vlad/Desktop/PULP/gap-sdk-3.9/gap_sdk/rtos/pulp/pulp-os/kernel/bridge.c:29
/home/vlad/Desktop/CF_AIDECK/bitcraze_uart/BUILD/GAP8_V2/GCC_RISCV/test:00000004 00000004 d __rt_bridge_flash_handle	/home/vlad/Desktop/PULP/gap-sdk-3.9/gap_sdk/rtos/pulp/pulp-os/kernel/bridge.c:26
/home/vlad/Desktop/CF_AIDECK/bitcraze_uart/BUILD/GAP8_V2/GCC_RISCV/test:0000000c 00000004 d __rt_bridge_flash_itf	/home/vlad/Desktop/PULP/gap-sdk-3.9/gap_sdk/rtos/pulp/pulp-os/kernel/bridge.c:28
/home/vlad/Desktop/CF_AIDECK/bitcraze_uart/BUILD/GAP8_V2/GCC_RISCV/test:00000008 00000004 d __rt_bridge_flash_type	/home/vlad/Desktop/PULP/gap-sdk-3.9/gap_sdk/rtos/pulp/pulp-os/kernel/bridge.c:27
/home/vlad/Desktop/CF_AIDECK/bitcraze_uart/BUILD/GAP8_V2/GCC_RISCV/test:000003e0 00000004 D __rtc_handler	/home/vlad/Desktop/PULP/gap-sdk-3.9/gap_sdk/rtos/pulp/pulp-os/drivers_deprecated/dolphin/rtc.c:25
/home/vlad/Desktop/CF_AIDECK/bitcraze_uart/BUILD/GAP8_V2/GCC_RISCV/test:1000001c 00000004 D __rt_cluster_fc_task_lock	/home/vlad/Desktop/PULP/gap-sdk-3.9/gap_sdk/rtos/pulp/pulp-os/kernel/cluster.c:59
/home/vlad/Desktop/CF_AIDECK/bitcraze_uart/BUILD/GAP8_V2/GCC_RISCV/test:00000018 00000004 D __rt_cluster_nb_active_pe
/home/vlad/Desktop/CF_AIDECK/bitcraze_uart/BUILD/GAP8_V2/GCC_RISCV/test:1c004f0c 00000004 B __rt_cluster_tasks	/home/vlad/Desktop/PULP/gap-sdk-3.9/gap_sdk/rtos/pulp/pulp-os/kernel/cluster.c:41
/home/vlad/Desktop/CF_AIDECK/bitcraze_uart/BUILD/GAP8_V2/GCC_RISCV/test:1b000bec 00000004 D __rt_debug_config
/home/vlad/Desktop/CF_AIDECK/bitcraze_uart/BUILD/GAP8_V2/GCC_RISCV/test:1b000be8 00000004 D __rt_debug_config_trace
/home/vlad/Desktop/CF_AIDECK/bitcraze_uart/BUILD/GAP8_V2/GCC_RISCV/test:00000014 00000004 D __rt_dma_first_pending
/home/vlad/Desktop/CF_AIDECK/bitcraze_uart/BUILD/GAP8_V2/GCC_RISCV/test:00000010 00000004 D __rt_dma_last_pending
/home/vlad/Desktop/CF_AIDECK/bitcraze_uart/BUILD/GAP8_V2/GCC_RISCV/test:1c004ec4 00000004 b __rt_fc_cluster_device	/home/vlad/Desktop/PULP/gap-sdk-3.9/gap_sdk/rtos/pulp/pulp-os/kernel/pulpos_emu.c:25
/home/vlad/Desktop/CF_AIDECK/bitcraze_uart/BUILD/GAP8_V2/GCC_RISCV/test:1c004bf4 00000004 V __rt_fc_stack_size
/home/vlad/Desktop/CF_AIDECK/bitcraze_uart/BUILD/GAP8_V2/GCC_RISCV/test:00000018 00000004 D __rt_first_free
/home/vlad/Desktop/CF_AIDECK/bitcraze_uart/BUILD/GAP8_V2/GCC_RISCV/test:1c001fde 00000004 T __rt_fll_set_freq	/home/vlad/Desktop/PULP/gap-sdk-3.9/gap_sdk/rtos/pulp/pulp-os/kernel/gap/pmu_driver.c:884
/home/vlad/Desktop/CF_AIDECK/bitcraze_uart/BUILD/GAP8_V2/GCC_RISCV/test:00000374 00000004 D __rt_hyper_current_task	/home/vlad/Desktop/PULP/gap-sdk-3.9/gap_sdk/rtos/pulp/pulp-os/drivers/hyper/hyperram-v1.c:27
/home/vlad/Desktop/CF_AIDECK/bitcraze_uart/BUILD/GAP8_V2/GCC_RISCV/test:00000370 00000004 D __rt_hyper_end_task	/home/vlad/Desktop/PULP/gap-sdk-3.9/gap_sdk/rtos/pulp/pulp-os/drivers/hyper/hyperram-v1.c:25
/home/vlad/Desktop/CF_AIDECK/bitcraze_uart/BUILD/GAP8_V2/GCC_RISCV/test:1c004ecc 00000004 b __rt_hyper_open_count	/home/vlad/Desktop/PULP/gap-sdk-3.9/gap_sdk/rtos/pulp/pulp-os/drivers/hyper/hyperram-v1.c:65
/home/vlad/Desktop/CF_AIDECK/bitcraze_uart/BUILD/GAP8_V2/GCC_RISCV/test:00000364 00000004 D __rt_hyper_pending_addr	/home/vlad/Desktop/PULP/gap-sdk-3.9/gap_sdk/rtos/pulp/pulp-os/drivers/hyper/hyperram-v1.c:33
/home/vlad/Desktop/CF_AIDECK/bitcraze_uart/BUILD/GAP8_V2/GCC_RISCV/test:0000035c 00000004 D __rt_hyper_pending_base	/home/vlad/Desktop/PULP/gap-sdk-3.9/gap_sdk/rtos/pulp/pulp-os/drivers/hyper/hyperram-v1.c:31
/home/vlad/Desktop/CF_AIDECK/bitcraze_uart/BUILD/GAP8_V2/GCC_RISCV/test:00000380 00000004 D __rt_hyper_pending_emu_addr	/home/vlad/Desktop/PULP/gap-sdk-3.9/gap_sdk/rtos/pulp/pulp-os/drivers/hyper/hyperram-v1.c:48
/home/vlad/Desktop/CF_AIDECK/bitcraze_uart/BUILD/GAP8_V2/GCC_RISCV/test:00000378 00000004 D __rt_hyper_pending_emu_channel	/home/vlad/Desktop/PULP/gap-sdk-3.9/gap_sdk/rtos/pulp/pulp-os/drivers/hyper/hyperram-v1.c:46
/home/vlad/Desktop/CF_AIDECK/bitcraze_uart/BUILD/GAP8_V2/GCC_RISCV/test:0000037c 00000004 D __rt_hyper_pending_emu_hyper_addr	/home/vlad/Desktop/PULP/gap-sdk-3.9/gap_sdk/rtos/pulp/pulp-os/drivers/hyper/hyperram-v1.c:47
/home/vlad/Desktop/CF_AIDECK/bitcraze_uart/BUILD/GAP8_V2/GCC_RISCV/test:0000039c 00000004 D __rt_hyper_pending_emu_length	/home/vlad/Desktop/PULP/gap-sdk-3.9/gap_sdk/rtos/pulp/pulp-os/drivers/hyper/hyperram-v1.c:51
/home/vlad/Desktop/CF_AIDECK/bitcraze_uart/BUILD/GAP8_V2/GCC_RISCV/test:00000384 00000004 D __rt_hyper_pending_emu_size	/home/vlad/Desktop/PULP/gap-sdk-3.9/gap_sdk/rtos/pulp/pulp-os/drivers/hyper/hyperram-v1.c:49
/home/vlad/Desktop/CF_AIDECK/bitcraze_uart/BUILD/GAP8_V2/GCC_RISCV/test:00000398 00000004 D __rt_hyper_pending_emu_size_2d	/home/vlad/Desktop/PULP/gap-sdk-3.9/gap_sdk/rtos/pulp/pulp-os/drivers/hyper/hyperram-v1.c:50
/home/vlad/Desktop/CF_AIDECK/bitcraze_uart/BUILD/GAP8_V2/GCC_RISCV/test:000003a0 00000004 D __rt_hyper_pending_emu_stride	/home/vlad/Desktop/PULP/gap-sdk-3.9/gap_sdk/rtos/pulp/pulp-os/drivers/hyper/hyperram-v1.c:52
/home/vlad/Desktop/CF_AIDECK/bitcraze_uart/BUILD/GAP8_V2/GCC_RISCV/test:0000038c 00000004 D __rt_hyper_pending_emu_task	/home/vlad/Desktop/PULP/gap-sdk-3.9/gap_sdk/rtos/pulp/pulp-os/drivers/hyper/hyperram-v1.c:54
/home/vlad/Desktop/CF_AIDECK/bitcraze_uart/BUILD/GAP8_V2/GCC_RISCV/test:00000360 00000004 D __rt_hyper_pending_hyper_addr	/home/vlad/Desktop/PULP/gap-sdk-3.9/gap_sdk/rtos/pulp/pulp-os/drivers/hyper/hyperram-v1.c:32
/home/vlad/Desktop/CF_AIDECK/bitcraze_uart/BUILD/GAP8_V2/GCC_RISCV/test:00000368 00000004 D __rt_hyper_pending_repeat	/home/vlad/Desktop/PULP/gap-sdk-3.9/gap_sdk/rtos/pulp/pulp-os/drivers/hyper/hyperram-v1.c:34
/home/vlad/Desktop/CF_AIDECK/bitcraze_uart/BUILD/GAP8_V2/GCC_RISCV/test:0000036c 00000004 D __rt_hyper_pending_repeat_size	/home/vlad/Desktop/PULP/gap-sdk-3.9/gap_sdk/rtos/pulp/pulp-os/drivers/hyper/hyperram-v1.c:35
/home/vlad/Desktop/CF_AIDECK/bitcraze_uart/BUILD/GAP8_V2/GCC_RISCV/test:00000390 00000004 D __rt_hyper_pending_tasks	/home/vlad/Desktop/PULP/gap-sdk-3.9/gap_sdk/rtos/pulp/pulp-os/drivers/hyper/hyperram-v1.c:39
/home/vlad/Desktop/CF_AIDECK/bitcraze_uart/BUILD/GAP8_V2/GCC_RISCV/test:00000394 00000004 D __rt_hyper_pending_tasks_last	/home/vlad/Desktop/PULP/gap-sdk-3.9/gap_sdk/rtos/pulp/pulp-os/drivers/hyper/hyperram-v1.c:40
/home/vlad/Desktop/CF_AIDECK/bitcraze_uart/BUILD/GAP8_V2/GCC_RISCV/test:00000358 00000004 D __rt_hyper_udma_handle
/home/vlad/Desktop/CF_AIDECK/bitcraze_uart/BUILD/GAP8_V2/GCC_RISCV/test:1c004ed0 00000004 b __rt_i2s_first	/home/vlad/Desktop/PULP/gap-sdk-3.9/gap_sdk/rtos/pulp/pulp-os/drivers_deprecated/i2s/i2s-v1.c:40
/home/vlad/Desktop/CF_AIDECK/bitcraze_uart/BUILD/GAP8_V2/GCC_RISCV/test:1c004bec 00000004 V __rt_iodev
/home/vlad/Desktop/CF_AIDECK/bitcraze_uart/BUILD/GAP8_V2/GCC_RISCV/test:1c004bf0 00000004 V __rt_iodev_uart_baudrate
/home/vlad/Desktop/CF_AIDECK/bitcraze_uart/BUILD/GAP8_V2/GCC_RISCV/test:1c004ebc 00000004 V __rt_iodev_uart_channel
/home/vlad/Desktop/CF_AIDECK/bitcraze_uart/BUILD/GAP8_V2/GCC_RISCV/test:1c004edc 00000004 b __rt_io_event_current	/home/vlad/Desktop/PULP/gap-sdk-3.9/gap_sdk/rtos/pulp/pulp-os/libs/io/io.c:40
/home/vlad/Desktop/CF_AIDECK/bitcraze_uart/BUILD/GAP8_V2/GCC_RISCV/test:1c004ee0 00000004 b __rt_io_pending_flush	/home/vlad/Desktop/PULP/gap-sdk-3.9/gap_sdk/rtos/pulp/pulp-os/libs/io/io.c:50
/home/vlad/Desktop/CF_AIDECK/bitcraze_uart/BUILD/GAP8_V2/GCC_RISCV/test:1c004ee8 00000004 b _rt_io_uart	/home/vlad/Desktop/PULP/gap-sdk-3.9/gap_sdk/rtos/pulp/pulp-os/libs/io/io.c:38
/home/vlad/Desktop/CF_AIDECK/bitcraze_uart/BUILD/GAP8_V2/GCC_RISCV/test:1c004be8 00000004 V __rt_platform
/home/vlad/Desktop/CF_AIDECK/bitcraze_uart/BUILD/GAP8_V2/GCC_RISCV/test:1c004ee4 00000004 b __rt_putc_host_buffer_index	/home/vlad/Desktop/PULP/gap-sdk-3.9/gap_sdk/rtos/pulp/pulp-os/libs/io/io.c:48
/home/vlad/Desktop/CF_AIDECK/bitcraze_uart/BUILD/GAP8_V2/GCC_RISCV/test:000003dc 00000004 D __rt_rtc_init_done	/home/vlad/Desktop/PULP/gap-sdk-3.9/gap_sdk/rtos/pulp/pulp-os/drivers_deprecated/dolphin/rtc.c:26
/home/vlad/Desktop/CF_AIDECK/bitcraze_uart/BUILD/GAP8_V2/GCC_RISCV/test:1c004f08 00000004 B __rt_wakeup_use_fast	/home/vlad/Desktop/PULP/gap-sdk-3.9/gap_sdk/rtos/pulp/pulp-os/kernel/gap/pmu_driver.c:173
/home/vlad/Desktop/CF_AIDECK/bitcraze_uart/BUILD/GAP8_V2/GCC_RISCV/test:1c004ec0 00000004 b timer_count	/home/vlad/Desktop/PULP/gap-sdk-3.9/gap_sdk/rtos/pulp/pulp-os/kernel/time.c:23
/home/vlad/Desktop/CF_AIDECK/bitcraze_uart/BUILD/GAP8_V2/GCC_RISCV/test:1c0021cc 00000006 T pi_cluster_conf_init	/home/vlad/Desktop/PULP/gap-sdk-3.9/gap_sdk/rtos/pulp/pulp-os/kernel/cluster.c:337
/home/vlad/Desktop/CF_AIDECK/bitcraze_uart/BUILD/GAP8_V2/GCC_RISCV/test:1c0035d4 00000006 T semihost_exit	/home/vlad/Desktop/PULP/gap-sdk-3.9/gap_sdk/rtos/pulp/pulp-os/libs/io/semihost.c:51
/home/vlad/Desktop/CF_AIDECK/bitcraze_uart/BUILD/GAP8_V2/GCC_RISCV/test:1c0035ce 00000006 T semihost_write0	/home/vlad/Desktop/PULP/gap-sdk-3.9/gap_sdk/rtos/pulp/pulp-os/libs/io/semihost.c:6
/home/vlad/Desktop/CF_AIDECK/bitcraze_uart/BUILD/GAP8_V2/GCC_RISCV/test:1c004bf8 00000007 d SystemStateToSCUFastSeq	/home/vlad/Desktop/PULP/gap-sdk-3.9/gap_sdk/rtos/pulp/pulp-os/kernel/gap/pmu_driver.c:176
/home/vlad/Desktop/CF_AIDECK/bitcraze_uart/BUILD/GAP8_V2/GCC_RISCV/test:1c003546 00000008 T abort	/home/vlad/Desktop/PULP/gap-sdk-3.9/gap_sdk/rtos/pulp/pulp-os/libs/io/io.c:739
/home/vlad/Desktop/CF_AIDECK/bitcraze_uart/BUILD/GAP8_V2/GCC_RISCV/test:1c004c18 00000008 D FllsFrequency
/home/vlad/Desktop/CF_AIDECK/bitcraze_uart/BUILD/GAP8_V2/GCC_RISCV/test:1c004f00 00000008 B __rt_freq_domains
/home/vlad/Desktop/CF_AIDECK/bitcraze_uart/BUILD/GAP8_V2/GCC_RISCV/test:000002b0 00000008 D __rt_socevents_status
/home/vlad/Desktop/CF_AIDECK/bitcraze_uart/BUILD/GAP8_V2/GCC_RISCV/test:1c004ed4 00000008 b __rt_spim_open_count	/home/vlad/Desktop/PULP/gap-sdk-3.9/gap_sdk/rtos/pulp/pulp-os/drivers_deprecated/spim/spim-v2.c:26
/home/vlad/Desktop/CF_AIDECK/bitcraze_uart/BUILD/GAP8_V2/GCC_RISCV/test:1c002f18 0000000a T __rt_himax_init	/home/vlad/Desktop/PULP/gap-sdk-3.9/gap_sdk/rtos/pulp/pulp-os/drivers_deprecated/camera/himax.c:400
/home/vlad/Desktop/CF_AIDECK/bitcraze_uart/BUILD/GAP8_V2/GCC_RISCV/test:1c002b80 0000000a T __rt_padframe_init	/home/vlad/Desktop/PULP/gap-sdk-3.9/gap_sdk/rtos/pulp/pulp-os/drivers_deprecated/pads/pads-v1.c:58
/home/vlad/Desktop/CF_AIDECK/bitcraze_uart/BUILD/GAP8_V2/GCC_RISCV/test:00000004 0000000c D __rt_cluster_pool
/home/vlad/Desktop/CF_AIDECK/bitcraze_uart/BUILD/GAP8_V2/GCC_RISCV/test:1c0035c0 0000000e t __internal_semihost	/home/vlad/Desktop/PULP/gap-sdk-3.9/gap_sdk/rtos/pulp/pulp-os/libs/io/semihost.h:75
/home/vlad/Desktop/CF_AIDECK/bitcraze_uart/BUILD/GAP8_V2/GCC_RISCV/test:1c002c04 0000000e T pi_pwm_conf_init	/home/vlad/Desktop/PULP/gap-sdk-3.9/gap_sdk/rtos/pulp/pulp-os/drivers/pwm/pwm-v1.c:46
/home/vlad/Desktop/CF_AIDECK/bitcraze_uart/BUILD/GAP8_V2/GCC_RISCV/test:1c002f58 0000000e t __rt_io_end_of_flush	/home/vlad/Desktop/PULP/gap-sdk-3.9/gap_sdk/rtos/pulp/pulp-os/libs/io/io.c:366
/home/vlad/Desktop/CF_AIDECK/bitcraze_uart/BUILD/GAP8_V2/GCC_RISCV/test:1c003302 00000010 T memset	/home/vlad/Desktop/PULP/gap-sdk-3.9/gap_sdk/rtos/pulp/pulp-os/libs/io/io.c:150
/home/vlad/Desktop/CF_AIDECK/bitcraze_uart/BUILD/GAP8_V2/GCC_RISCV/test:1c004c00 00000010 D PMUState
/home/vlad/Desktop/CF_AIDECK/bitcraze_uart/BUILD/GAP8_V2/GCC_RISCV/test:1b000c0c 00000010 d __rt_io_fc_lock	/home/vlad/Desktop/PULP/gap-sdk-3.9/gap_sdk/rtos/pulp/pulp-os/libs/io/io.c:35
/home/vlad/Desktop/CF_AIDECK/bitcraze_uart/BUILD/GAP8_V2/GCC_RISCV/test:1c004ae0 00000010 V __rt_padframe_default	/home/vlad/Desktop/PULP/gap-sdk-3.9/gap_sdk/rtos/pulp/pulp-os/drivers_deprecated/pads/pads-v1.c:28
/home/vlad/Desktop/CF_AIDECK/bitcraze_uart/BUILD/GAP8_V2/GCC_RISCV/test:1c004af0 00000010 V __rt_padframe_hyper	/home/vlad/Desktop/PULP/gap-sdk-3.9/gap_sdk/rtos/pulp/pulp-os/drivers_deprecated/pads/pads-v1.c:30
/home/vlad/Desktop/CF_AIDECK/bitcraze_uart/BUILD/GAP8_V2/GCC_RISCV/test:1c004b00 00000010 V __rt_padframe_hyper_gpio	/home/vlad/Desktop/PULP/gap-sdk-3.9/gap_sdk/rtos/pulp/pulp-os/drivers_deprecated/pads/pads-v1.c:32
/home/vlad/Desktop/CF_AIDECK/bitcraze_uart/BUILD/GAP8_V2/GCC_RISCV/test:1c004eac 00000010 b __rt_uart	/home/vlad/Desktop/PULP/gap-sdk-3.9/gap_sdk/rtos/pulp/pulp-os/drivers_deprecated/uart/uart.c:43
/home/vlad/Desktop/CF_AIDECK/bitcraze_uart/BUILD/GAP8_V2/GCC_RISCV/test:1c004322 00000010 T rt_uart_conf_init
/home/vlad/Desktop/CF_AIDECK/bitcraze_uart/BUILD/GAP8_V2/GCC_RISCV/test:1c001560 00000012 T __rt_event_sched_init	/home/vlad/Desktop/PULP/gap-sdk-3.9/gap_sdk/rtos/pulp/pulp-os/kernel/events.c:264
/home/vlad/Desktop/CF_AIDECK/bitcraze_uart/BUILD/GAP8_V2/GCC_RISCV/test:1c001fc8 00000012 T __rt_fll_init	/home/vlad/Desktop/PULP/gap-sdk-3.9/gap_sdk/rtos/pulp/pulp-os/kernel/gap/pmu_driver.c:871
/home/vlad/Desktop/CF_AIDECK/bitcraze_uart/BUILD/GAP8_V2/GCC_RISCV/test:1c002f22 00000012 T __rt_i2c_init	/home/vlad/Desktop/PULP/gap-sdk-3.9/gap_sdk/rtos/pulp/pulp-os/drivers_deprecated/i2c/i2c-v2.c:236
/home/vlad/Desktop/CF_AIDECK/bitcraze_uart/BUILD/GAP8_V2/GCC_RISCV/test:1c002f34 00000012 T __rt_rtc_init	/home/vlad/Desktop/PULP/gap-sdk-3.9/gap_sdk/rtos/pulp/pulp-os/drivers_deprecated/dolphin/rtc.c:414
/home/vlad/Desktop/CF_AIDECK/bitcraze_uart/BUILD/GAP8_V2/GCC_RISCV/test:1c002f46 00000012 T __rt_spim_init	/home/vlad/Desktop/PULP/gap-sdk-3.9/gap_sdk/rtos/pulp/pulp-os/drivers_deprecated/spim/spim-v2.c:446
/home/vlad/Desktop/CF_AIDECK/bitcraze_uart/BUILD/GAP8_V2/GCC_RISCV/test:1c000ba4 00000014 t pmsis_exit
/home/vlad/Desktop/CF_AIDECK/bitcraze_uart/BUILD/GAP8_V2/GCC_RISCV/test:0000001c 00000014 D __rt_sched
/home/vlad/Desktop/CF_AIDECK/bitcraze_uart/BUILD/GAP8_V2/GCC_RISCV/test:1b000bf0 00000018 d cbsys_first	/home/vlad/Desktop/PULP/gap-sdk-3.9/gap_sdk/rtos/pulp/pulp-os/kernel/utils.c:30
/home/vlad/Desktop/CF_AIDECK/bitcraze_uart/BUILD/GAP8_V2/GCC_RISCV/test:1c003492 00000018 T fputc_locked
/home/vlad/Desktop/CF_AIDECK/bitcraze_uart/BUILD/GAP8_V2/GCC_RISCV/test:1c002aa4 00000018 T pi_uart_write_async	/home/vlad/Desktop/PULP/gap-sdk-3.9/gap_sdk/rtos/pulp/pulp-os/drivers/uart/uart.c:454
/home/vlad/Desktop/CF_AIDECK/bitcraze_uart/BUILD/GAP8_V2/GCC_RISCV/test:1c001548 00000018 T rt_event_wait	/home/vlad/Desktop/PULP/gap-sdk-3.9/gap_sdk/rtos/pulp/pulp-os/kernel/events.c:257
/home/vlad/Desktop/CF_AIDECK/bitcraze_uart/BUILD/GAP8_V2/GCC_RISCV/test:1c004b10 00000018 V __rt_padframe_profiles
/home/vlad/Desktop/CF_AIDECK/bitcraze_uart/BUILD/GAP8_V2/GCC_RISCV/test:1c001708 00000018 t __rt_time_poweroff	/home/vlad/Desktop/PULP/gap-sdk-3.9/gap_sdk/rtos/pulp/pulp-os/kernel/time.c:28
/home/vlad/Desktop/CF_AIDECK/bitcraze_uart/BUILD/GAP8_V2/GCC_RISCV/test:1c001720 00000018 t __rt_time_poweron	/home/vlad/Desktop/PULP/gap-sdk-3.9/gap_sdk/rtos/pulp/pulp-os/kernel/time.c:37
/home/vlad/Desktop/CF_AIDECK/bitcraze_uart/BUILD/GAP8_V2/GCC_RISCV/test:1c002bbe 00000018 T __rt_udma_channel_init	/home/vlad/Desktop/PULP/gap-sdk-3.9/gap_sdk/rtos/pulp/pulp-os/drivers/udma/udma-v2.c:89
/home/vlad/Desktop/CF_AIDECK/bitcraze_uart/BUILD/GAP8_V2/GCC_RISCV/test:1c0013ce 00000018 T __rt_wait_event_prepare_blocking	/home/vlad/Desktop/PULP/gap-sdk-3.9/gap_sdk/rtos/pulp/pulp-os/kernel/events.c:42
/home/vlad/Desktop/CF_AIDECK/bitcraze_uart/BUILD/GAP8_V2/GCC_RISCV/test:1c002908 0000001a T pi_uart_conf_init	/home/vlad/Desktop/PULP/gap-sdk-3.9/gap_sdk/rtos/pulp/pulp-os/drivers/uart/uart.c:211
/home/vlad/Desktop/CF_AIDECK/bitcraze_uart/BUILD/GAP8_V2/GCC_RISCV/test:1c00145a 0000001a T rt_event_get	/home/vlad/Desktop/PULP/gap-sdk-3.9/gap_sdk/rtos/pulp/pulp-os/kernel/events.c:105
/home/vlad/Desktop/CF_AIDECK/bitcraze_uart/BUILD/GAP8_V2/GCC_RISCV/test:1c003312 0000001a T strchr	/home/vlad/Desktop/PULP/gap-sdk-3.9/gap_sdk/rtos/pulp/pulp-os/libs/io/io.c:278
/home/vlad/Desktop/CF_AIDECK/bitcraze_uart/BUILD/GAP8_V2/GCC_RISCV/test:1c001130 0000001c t __rt_event_enqueue	/home/vlad/Desktop/PULP/gap-sdk-3.9/gap_sdk/install/GAP8_V2/include/rt/rt_event.h:397
/home/vlad/Desktop/CF_AIDECK/bitcraze_uart/BUILD/GAP8_V2/GCC_RISCV/test:1c000b86 0000001e t pmsis_kickoff
/home/vlad/Desktop/CF_AIDECK/bitcraze_uart/BUILD/GAP8_V2/GCC_RISCV/test:1c0012ac 0000001e T __rt_bridge_clear_notif	/home/vlad/Desktop/PULP/gap-sdk-3.9/gap_sdk/rtos/pulp/pulp-os/kernel/bridge.c:838
/home/vlad/Desktop/CF_AIDECK/bitcraze_uart/BUILD/GAP8_V2/GCC_RISCV/test:1c00126e 0000001e T __rt_bridge_set_available	/home/vlad/Desktop/PULP/gap-sdk-3.9/gap_sdk/rtos/pulp/pulp-os/kernel/bridge.c:725
/home/vlad/Desktop/CF_AIDECK/bitcraze_uart/BUILD/GAP8_V2/GCC_RISCV/test:1c0017b2 0000001e T rt_time_wait_us	/home/vlad/Desktop/PULP/gap-sdk-3.9/gap_sdk/rtos/pulp/pulp-os/kernel/time.c:124
/home/vlad/Desktop/CF_AIDECK/bitcraze_uart/BUILD/GAP8_V2/GCC_RISCV/test:1c003696 00000020 t _rlrshift	/home/vlad/Desktop/PULP/gap-sdk-3.9/gap_sdk/rtos/pulp/pulp-os/libs/io/prf.c:122
/home/vlad/Desktop/CF_AIDECK/bitcraze_uart/BUILD/GAP8_V2/GCC_RISCV/test:1c00114c 00000020 t __rt_bridge_check_bridge_req.part.5	/home/vlad/Desktop/PULP/gap-sdk-3.9/gap_sdk/rtos/pulp/pulp-os/kernel/bridge.c:638
/home/vlad/Desktop/CF_AIDECK/bitcraze_uart/BUILD/GAP8_V2/GCC_RISCV/test:1c00128c 00000020 T __rt_bridge_send_notif	/home/vlad/Desktop/PULP/gap-sdk-3.9/gap_sdk/rtos/pulp/pulp-os/kernel/bridge.c:821
/home/vlad/Desktop/CF_AIDECK/bitcraze_uart/BUILD/GAP8_V2/GCC_RISCV/test:1c003050 00000020 t rt_event_execute.isra.4.constprop.12	/home/vlad/Desktop/PULP/gap-sdk-3.9/gap_sdk/rtos/pulp/pulp-os/libs/io/io.c:795
/home/vlad/Desktop/CF_AIDECK/bitcraze_uart/BUILD/GAP8_V2/GCC_RISCV/test:1c004c6c 00000020 d __rt_i2c	/home/vlad/Desktop/PULP/gap-sdk-3.9/gap_sdk/rtos/pulp/pulp-os/drivers_deprecated/i2c/i2c-v2.c:28
/home/vlad/Desktop/CF_AIDECK/bitcraze_uart/BUILD/GAP8_V2/GCC_RISCV/test:1c0026ae 00000020 t __rt_uart_setfreq_after	/home/vlad/Desktop/PULP/gap-sdk-3.9/gap_sdk/rtos/pulp/pulp-os/drivers/uart/uart.c:312
/home/vlad/Desktop/CF_AIDECK/bitcraze_uart/BUILD/GAP8_V2/GCC_RISCV/test:1c00422e 00000020 t __rt_uart_setfreq_after	/home/vlad/Desktop/PULP/gap-sdk-3.9/gap_sdk/rtos/pulp/pulp-os/drivers_deprecated/uart/uart.c:135
/home/vlad/Desktop/CF_AIDECK/bitcraze_uart/BUILD/GAP8_V2/GCC_RISCV/test:1c001572 00000020 T rt_user_alloc_init	/home/vlad/Desktop/PULP/gap-sdk-3.9/gap_sdk/rtos/pulp/pulp-os/kernel/alloc.c:193
/home/vlad/Desktop/CF_AIDECK/bitcraze_uart/BUILD/GAP8_V2/GCC_RISCV/test:1c001654 00000022 T __rt_alloc_init_l1	/home/vlad/Desktop/PULP/gap-sdk-3.9/gap_sdk/rtos/pulp/pulp-os/kernel/alloc.c:445
/home/vlad/Desktop/CF_AIDECK/bitcraze_uart/BUILD/GAP8_V2/GCC_RISCV/test:1c001474 00000022 T rt_event_get_blocking	/home/vlad/Desktop/PULP/gap-sdk-3.9/gap_sdk/rtos/pulp/pulp-os/kernel/events.c:127
/home/vlad/Desktop/CF_AIDECK/bitcraze_uart/BUILD/GAP8_V2/GCC_RISCV/test:1c00103a 00000022 T __rt_utils_init	/home/vlad/Desktop/PULP/gap-sdk-3.9/gap_sdk/rtos/pulp/pulp-os/kernel/utils.c:84
/home/vlad/Desktop/CF_AIDECK/bitcraze_uart/BUILD/GAP8_V2/GCC_RISCV/test:1c001496 00000024 T rt_event_push	/home/vlad/Desktop/PULP/gap-sdk-3.9/gap_sdk/rtos/pulp/pulp-os/kernel/events.c:139
/home/vlad/Desktop/CF_AIDECK/bitcraze_uart/BUILD/GAP8_V2/GCC_RISCV/test:1c00420a 00000024 t __rt_uart_setup.isra.5	/home/vlad/Desktop/PULP/gap-sdk-3.9/gap_sdk/rtos/pulp/pulp-os/drivers_deprecated/uart/uart.c:222
/home/vlad/Desktop/CF_AIDECK/bitcraze_uart/BUILD/GAP8_V2/GCC_RISCV/test:1c000ca8 00000026 t cluster_start	/home/vlad/Desktop/PULP/gap-sdk-3.9/gap_sdk/rtos/pulp/pulp-os/kernel/init.c:198
/home/vlad/Desktop/CF_AIDECK/bitcraze_uart/BUILD/GAP8_V2/GCC_RISCV/test:1c0032dc 00000026 t __rt_io_stop	/home/vlad/Desktop/PULP/gap-sdk-3.9/gap_sdk/rtos/pulp/pulp-os/libs/io/io.c:769
/home/vlad/Desktop/CF_AIDECK/bitcraze_uart/BUILD/GAP8_V2/GCC_RISCV/test:1c0041e4 00000026 T __rt_uart_cluster_req_done	/home/vlad/Desktop/PULP/gap-sdk-3.9/gap_sdk/rtos/pulp/pulp-os/drivers_deprecated/uart/uart.c:253
/home/vlad/Desktop/CF_AIDECK/bitcraze_uart/BUILD/GAP8_V2/GCC_RISCV/test:1c001be8 00000026 t soc_eu_fcEventMask_setEvent	/home/vlad/Desktop/PULP/gap-sdk-3.9/gap_sdk/install/GAP8_V2/include/hal/soc_eu/soc_eu_v1.h:60
/home/vlad/Desktop/CF_AIDECK/bitcraze_uart/BUILD/GAP8_V2/GCC_RISCV/test:1c0042fc 00000026 t soc_eu_fcEventMask_setEvent	/home/vlad/Desktop/PULP/gap-sdk-3.9/gap_sdk/install/GAP8_V2/include/hal/soc_eu/soc_eu_v1.h:60
/home/vlad/Desktop/CF_AIDECK/bitcraze_uart/BUILD/GAP8_V2/GCC_RISCV/test:1c002cd8 00000028 t __pos_pwm_init	/home/vlad/Desktop/PULP/gap-sdk-3.9/gap_sdk/rtos/pulp/pulp-os/drivers/pwm/pwm-v1.c:185
/home/vlad/Desktop/CF_AIDECK/bitcraze_uart/BUILD/GAP8_V2/GCC_RISCV/test:1c0034aa 00000028 T _prf_locked	/home/vlad/Desktop/PULP/gap-sdk-3.9/gap_sdk/rtos/pulp/pulp-os/libs/io/io.c:626
/home/vlad/Desktop/CF_AIDECK/bitcraze_uart/BUILD/GAP8_V2/GCC_RISCV/test:1c00346a 00000028 T puts	/home/vlad/Desktop/PULP/gap-sdk-3.9/gap_sdk/rtos/pulp/pulp-os/libs/io/io.c:576
/home/vlad/Desktop/CF_AIDECK/bitcraze_uart/BUILD/GAP8_V2/GCC_RISCV/test:1c001676 00000028 T __rt_alloc_init_l1_for_fc	/home/vlad/Desktop/PULP/gap-sdk-3.9/gap_sdk/rtos/pulp/pulp-os/kernel/alloc.c:452
/home/vlad/Desktop/CF_AIDECK/bitcraze_uart/BUILD/GAP8_V2/GCC_RISCV/test:1c000e34 00000028 T __rt_deinit	/home/vlad/Desktop/PULP/gap-sdk-3.9/gap_sdk/rtos/pulp/pulp-os/kernel/init.c:163
/home/vlad/Desktop/CF_AIDECK/bitcraze_uart/BUILD/GAP8_V2/GCC_RISCV/test:1c0013a6 00000028 T __rt_event_init	/home/vlad/Desktop/PULP/gap-sdk-3.9/gap_sdk/rtos/pulp/pulp-os/kernel/events.c:32
/home/vlad/Desktop/CF_AIDECK/bitcraze_uart/BUILD/GAP8_V2/GCC_RISCV/test:1c004f10 00000028 B __rt_fc_cluster_data
/home/vlad/Desktop/CF_AIDECK/bitcraze_uart/BUILD/GAP8_V2/GCC_RISCV/test:1c002e74 00000028 t __rt_i2s_setfreq_after	/home/vlad/Desktop/PULP/gap-sdk-3.9/gap_sdk/rtos/pulp/pulp-os/drivers_deprecated/i2s/i2s-v1.c:235
/home/vlad/Desktop/CF_AIDECK/bitcraze_uart/BUILD/GAP8_V2/GCC_RISCV/test:1c002b58 00000028 T rt_padframe_set	/home/vlad/Desktop/PULP/gap-sdk-3.9/gap_sdk/rtos/pulp/pulp-os/drivers_deprecated/pads/pads-v1.c:77
/home/vlad/Desktop/CF_AIDECK/bitcraze_uart/BUILD/GAP8_V2/GCC_RISCV/test:000002b8 00000028 D __rt_udma_extra_callback
/home/vlad/Desktop/CF_AIDECK/bitcraze_uart/BUILD/GAP8_V2/GCC_RISCV/test:000002e0 00000028 D __rt_udma_extra_callback_arg
/home/vlad/Desktop/CF_AIDECK/bitcraze_uart/BUILD/GAP8_V2/GCC_RISCV/test:1c000c7e 0000002a T main
/home/vlad/Desktop/CF_AIDECK/bitcraze_uart/BUILD/GAP8_V2/GCC_RISCV/test:1c002abc 0000002a T pi_uart_write	/home/vlad/Desktop/PULP/gap-sdk-3.9/gap_sdk/rtos/pulp/pulp-os/drivers/uart/uart.c:474
/home/vlad/Desktop/CF_AIDECK/bitcraze_uart/BUILD/GAP8_V2/GCC_RISCV/test:1c0035da 0000002a T printf	/home/vlad/Desktop/PULP/gap-sdk-3.9/gap_sdk/rtos/pulp/pulp-os/libs/io/fprintf.c:41
/home/vlad/Desktop/CF_AIDECK/bitcraze_uart/BUILD/GAP8_V2/GCC_RISCV/test:1c00284e 0000002a t __rt_uart_setfreq_before	/home/vlad/Desktop/PULP/gap-sdk-3.9/gap_sdk/rtos/pulp/pulp-os/drivers/uart/uart.c:279
/home/vlad/Desktop/CF_AIDECK/bitcraze_uart/BUILD/GAP8_V2/GCC_RISCV/test:1c004290 0000002a t __rt_uart_setfreq_before	/home/vlad/Desktop/PULP/gap-sdk-3.9/gap_sdk/rtos/pulp/pulp-os/drivers_deprecated/uart/uart.c:102
/home/vlad/Desktop/CF_AIDECK/bitcraze_uart/BUILD/GAP8_V2/GCC_RISCV/test:1c00151e 0000002a T __rt_wait_event	/home/vlad/Desktop/PULP/gap-sdk-3.9/gap_sdk/rtos/pulp/pulp-os/kernel/events.c:247
/home/vlad/Desktop/CF_AIDECK/bitcraze_uart/BUILD/GAP8_V2/GCC_RISCV/test:1c002e9c 0000002c t __rt_i2s_setfreq_before	/home/vlad/Desktop/PULP/gap-sdk-3.9/gap_sdk/rtos/pulp/pulp-os/drivers_deprecated/i2s/i2s-v1.c:219
/home/vlad/Desktop/CF_AIDECK/bitcraze_uart/BUILD/GAP8_V2/GCC_RISCV/test:1c004d10 0000002c b __rt_pulpos_emu_global_cluster_task	/home/vlad/Desktop/PULP/gap-sdk-3.9/gap_sdk/rtos/pulp/pulp-os/kernel/pulpos_emu.c:26
/home/vlad/Desktop/CF_AIDECK/bitcraze_uart/BUILD/GAP8_V2/GCC_RISCV/test:1c001bbc 0000002c t SetFllMultDivFactors
/home/vlad/Desktop/CF_AIDECK/bitcraze_uart/BUILD/GAP8_V2/GCC_RISCV/test:1c00275e 0000002e t __pi_uart_copy_enqueue_exec.isra.14	/home/vlad/Desktop/PULP/gap-sdk-3.9/gap_sdk/install/GAP8_V2/include/hal/udma/uart/udma_uart_v1.h:217
/home/vlad/Desktop/CF_AIDECK/bitcraze_uart/BUILD/GAP8_V2/GCC_RISCV/test:1c001626 0000002e T rt_alloc
/home/vlad/Desktop/CF_AIDECK/bitcraze_uart/BUILD/GAP8_V2/GCC_RISCV/test:1c002bd6 0000002e t __rt_hyper_init	/home/vlad/Desktop/PULP/gap-sdk-3.9/gap_sdk/rtos/pulp/pulp-os/drivers/hyper/hyperram-v1.c:995
/home/vlad/Desktop/CF_AIDECK/bitcraze_uart/BUILD/GAP8_V2/GCC_RISCV/test:1c0022a6 00000030 T pi_cluster_close	/home/vlad/Desktop/PULP/gap-sdk-3.9/gap_sdk/rtos/pulp/pulp-os/kernel/cluster.c:370
/home/vlad/Desktop/CF_AIDECK/bitcraze_uart/BUILD/GAP8_V2/GCC_RISCV/test:1c00100a 00000030 T __rt_cbsys_exec	/home/vlad/Desktop/PULP/gap-sdk-3.9/gap_sdk/rtos/pulp/pulp-os/kernel/utils.c:71
/home/vlad/Desktop/CF_AIDECK/bitcraze_uart/BUILD/GAP8_V2/GCC_RISCV/test:1c002e0e 00000032 T pi_gpio_pin_configure	/home/vlad/Desktop/PULP/gap-sdk-3.9/gap_sdk/rtos/pulp/pulp-os/drivers/gpio/gpio-v2.c:146
/home/vlad/Desktop/CF_AIDECK/bitcraze_uart/BUILD/GAP8_V2/GCC_RISCV/test:1c002878 00000032 t pi_task_wait_on.isra.20	/home/vlad/Desktop/PULP/gap-sdk-3.9/gap_sdk/install/GAP8_V2/include/hal/udma/uart/udma_uart_v1.h:217
/home/vlad/Desktop/CF_AIDECK/bitcraze_uart/BUILD/GAP8_V2/GCC_RISCV/test:1c00105c 00000032 T __rt_fc_lock	/home/vlad/Desktop/PULP/gap-sdk-3.9/gap_sdk/rtos/pulp/pulp-os/kernel/utils.c:92
/home/vlad/Desktop/CF_AIDECK/bitcraze_uart/BUILD/GAP8_V2/GCC_RISCV/test:1c0030e0 00000032 t __rt_putc_host_cluster_req	/home/vlad/Desktop/PULP/gap-sdk-3.9/gap_sdk/rtos/pulp/pulp-os/libs/io/io.c:451
/home/vlad/Desktop/CF_AIDECK/bitcraze_uart/BUILD/GAP8_V2/GCC_RISCV/test:000003a8 00000034 D dev_rtc	/home/vlad/Desktop/PULP/gap-sdk-3.9/gap_sdk/rtos/pulp/pulp-os/drivers_deprecated/dolphin/rtc.c:24
/home/vlad/Desktop/CF_AIDECK/bitcraze_uart/BUILD/GAP8_V2/GCC_RISCV/test:1c0036fa 00000034 t _get_digit	/home/vlad/Desktop/PULP/gap-sdk-3.9/gap_sdk/rtos/pulp/pulp-os/libs/io/prf.c:167
/home/vlad/Desktop/CF_AIDECK/bitcraze_uart/BUILD/GAP8_V2/GCC_RISCV/test:1c002b8a 00000034 T pi_pad_set_function	/home/vlad/Desktop/PULP/gap-sdk-3.9/gap_sdk/rtos/pulp/pulp-os/drivers/pads/pads-v1.c:24
/home/vlad/Desktop/CF_AIDECK/bitcraze_uart/BUILD/GAP8_V2/GCC_RISCV/test:1c002ca4 00000034 T pi_pwm_ioctl	/home/vlad/Desktop/PULP/gap-sdk-3.9/gap_sdk/rtos/pulp/pulp-os/drivers/pwm/pwm-v1.c:108
/home/vlad/Desktop/CF_AIDECK/bitcraze_uart/BUILD/GAP8_V2/GCC_RISCV/test:1c001372 00000034 T __rt_bridge_init	/home/vlad/Desktop/PULP/gap-sdk-3.9/gap_sdk/rtos/pulp/pulp-os/kernel/bridge.c:851
/home/vlad/Desktop/CF_AIDECK/bitcraze_uart/BUILD/GAP8_V2/GCC_RISCV/test:1c00108e 00000034 T __rt_fc_unlock	/home/vlad/Desktop/PULP/gap-sdk-3.9/gap_sdk/rtos/pulp/pulp-os/kernel/utils.c:127
/home/vlad/Desktop/CF_AIDECK/bitcraze_uart/BUILD/GAP8_V2/GCC_RISCV/test:1c002e40 00000034 t __rt_i2s_resume	/home/vlad/Desktop/PULP/gap-sdk-3.9/gap_sdk/rtos/pulp/pulp-os/drivers_deprecated/i2s/i2s-v1.c:186
/home/vlad/Desktop/CF_AIDECK/bitcraze_uart/BUILD/GAP8_V2/GCC_RISCV/test:1c004406 00000034 T rt_uart_cluster_write	/home/vlad/Desktop/PULP/gap-sdk-3.9/gap_sdk/rtos/pulp/pulp-os/drivers_deprecated/uart/uart.c:277
/home/vlad/Desktop/CF_AIDECK/bitcraze_uart/BUILD/GAP8_V2/GCC_RISCV/test:1c0010fa 00000036 T __rt_fc_cluster_unlock	/home/vlad/Desktop/PULP/gap-sdk-3.9/gap_sdk/rtos/pulp/pulp-os/kernel/utils.c:199
/home/vlad/Desktop/CF_AIDECK/bitcraze_uart/BUILD/GAP8_V2/GCC_RISCV/test:1c002d86 00000038 T pi_gpio_pin_read	/home/vlad/Desktop/PULP/gap-sdk-3.9/gap_sdk/rtos/pulp/pulp-os/drivers/gpio/gpio-v2.c:171
/home/vlad/Desktop/CF_AIDECK/bitcraze_uart/BUILD/GAP8_V2/GCC_RISCV/test:1c0010c2 00000038 T __rt_fc_cluster_lock	/home/vlad/Desktop/PULP/gap-sdk-3.9/gap_sdk/rtos/pulp/pulp-os/kernel/utils.c:189
/home/vlad/Desktop/CF_AIDECK/bitcraze_uart/BUILD/GAP8_V2/GCC_RISCV/test:1c00338a 00000038 T __rt_putc_uart	/home/vlad/Desktop/PULP/gap-sdk-3.9/gap_sdk/rtos/pulp/pulp-os/libs/io/io.c:412
/home/vlad/Desktop/CF_AIDECK/bitcraze_uart/BUILD/GAP8_V2/GCC_RISCV/test:1c0012ca 0000003a T __rt_bridge_printf_flush
/home/vlad/Desktop/CF_AIDECK/bitcraze_uart/BUILD/GAP8_V2/GCC_RISCV/test:1c002346 0000003c T __rt_cluster_new	/home/vlad/Desktop/PULP/gap-sdk-3.9/gap_sdk/rtos/pulp/pulp-os/kernel/cluster.c:445
/home/vlad/Desktop/CF_AIDECK/bitcraze_uart/BUILD/GAP8_V2/GCC_RISCV/test:1c002382 0000003c t __rt_cluster_pulpos_emu_init	/home/vlad/Desktop/PULP/gap-sdk-3.9/gap_sdk/rtos/pulp/pulp-os/kernel/pulpos_emu.c:29
/home/vlad/Desktop/CF_AIDECK/bitcraze_uart/BUILD/GAP8_V2/GCC_RISCV/test:1c000fcc 0000003e T __rt_cbsys_add	/home/vlad/Desktop/PULP/gap-sdk-3.9/gap_sdk/rtos/pulp/pulp-os/kernel/utils.c:57
/home/vlad/Desktop/CF_AIDECK/bitcraze_uart/BUILD/GAP8_V2/GCC_RISCV/test:1c001b7e 0000003e T __rt_freq_init	/home/vlad/Desktop/PULP/gap-sdk-3.9/gap_sdk/rtos/pulp/pulp-os/kernel/gap/freq.c:62
/home/vlad/Desktop/CF_AIDECK/bitcraze_uart/BUILD/GAP8_V2/GCC_RISCV/test:1c001edc 00000040 T InitFlls	/home/vlad/Desktop/PULP/gap-sdk-3.9/gap_sdk/rtos/pulp/pulp-os/kernel/gap/pmu_driver.c:858
/home/vlad/Desktop/CF_AIDECK/bitcraze_uart/BUILD/GAP8_V2/GCC_RISCV/test:1c002fb6 00000040 t __rt_do_putc_host	/home/vlad/Desktop/PULP/gap-sdk-3.9/gap_sdk/rtos/pulp/pulp-os/libs/io/io.c:430
/home/vlad/Desktop/CF_AIDECK/bitcraze_uart/BUILD/GAP8_V2/GCC_RISCV/test:1c0042ba 00000042 t __rt_uart_cluster_req	/home/vlad/Desktop/PULP/gap-sdk-3.9/gap_sdk/rtos/pulp/pulp-os/drivers_deprecated/uart/uart.c:266
/home/vlad/Desktop/CF_AIDECK/bitcraze_uart/BUILD/GAP8_V2/GCC_RISCV/test:1c00280c 00000042 t __rt_uart_wait_tx_done.isra.17	/home/vlad/Desktop/PULP/gap-sdk-3.9/gap_sdk/install/GAP8_V2/include/hal/udma/uart/udma_uart_v1.h:217
/home/vlad/Desktop/CF_AIDECK/bitcraze_uart/BUILD/GAP8_V2/GCC_RISCV/test:1c00424e 00000042 t __rt_uart_wait_tx_done.isra.6	/home/vlad/Desktop/PULP/gap-sdk-3.9/gap_sdk/rtos/pulp/pulp-os/drivers_deprecated/uart/uart.c:222
/home/vlad/Desktop/CF_AIDECK/bitcraze_uart/BUILD/GAP8_V2/GCC_RISCV/test:1c0036b6 00000044 t _ldiv5	/home/vlad/Desktop/PULP/gap-sdk-3.9/gap_sdk/rtos/pulp/pulp-os/libs/io/prf.c:143
/home/vlad/Desktop/CF_AIDECK/bitcraze_uart/BUILD/GAP8_V2/GCC_RISCV/test:1c00116c 00000046 t __rt_bridge_wait
/home/vlad/Desktop/CF_AIDECK/bitcraze_uart/BUILD/GAP8_V2/GCC_RISCV/test:1c004c24 00000048 d __rt_uart	/home/vlad/Desktop/PULP/gap-sdk-3.9/gap_sdk/rtos/pulp/pulp-os/drivers/uart/uart.c:66
/home/vlad/Desktop/CF_AIDECK/bitcraze_uart/BUILD/GAP8_V2/GCC_RISCV/test:1c001592 00000048 T rt_user_alloc	/home/vlad/Desktop/PULP/gap-sdk-3.9/gap_sdk/rtos/pulp/pulp-os/kernel/alloc.c:207
/home/vlad/Desktop/CF_AIDECK/bitcraze_uart/BUILD/GAP8_V2/GCC_RISCV/test:1c001224 0000004a T __rt_bridge_check_connection
/home/vlad/Desktop/CF_AIDECK/bitcraze_uart/BUILD/GAP8_V2/GCC_RISCV/test:1c001b34 0000004a T rt_freq_set_and_get	/home/vlad/Desktop/PULP/gap-sdk-3.9/gap_sdk/rtos/pulp/pulp-os/kernel/gap/freq.c:30
/home/vlad/Desktop/CF_AIDECK/bitcraze_uart/BUILD/GAP8_V2/GCC_RISCV/test:1c002664 0000004a t __rt_uart_setup	/home/vlad/Desktop/PULP/gap-sdk-3.9/gap_sdk/rtos/pulp/pulp-os/drivers/uart/uart.c:260
/home/vlad/Desktop/CF_AIDECK/bitcraze_uart/BUILD/GAP8_V2/GCC_RISCV/test:1c000e60 0000004c T rt_irq_set_handler	/home/vlad/Desktop/PULP/gap-sdk-3.9/gap_sdk/rtos/pulp/pulp-os/kernel/irq.c:61
/home/vlad/Desktop/CF_AIDECK/bitcraze_uart/BUILD/GAP8_V2/GCC_RISCV/test:1c0043ba 0000004c T rt_uart_close	/home/vlad/Desktop/PULP/gap-sdk-3.9/gap_sdk/rtos/pulp/pulp-os/drivers_deprecated/uart/uart.c:228
/home/vlad/Desktop/CF_AIDECK/bitcraze_uart/BUILD/GAP8_V2/GCC_RISCV/test:1c0015da 0000004c T rt_user_free	/home/vlad/Desktop/PULP/gap-sdk-3.9/gap_sdk/rtos/pulp/pulp-os/kernel/alloc.c:291
/home/vlad/Desktop/CF_AIDECK/bitcraze_uart/BUILD/GAP8_V2/GCC_RISCV/test:1c002dbe 00000050 T pi_gpio_mask_configure	/home/vlad/Desktop/PULP/gap-sdk-3.9/gap_sdk/rtos/pulp/pulp-os/drivers/gpio/gpio-v2.c:279
/home/vlad/Desktop/CF_AIDECK/bitcraze_uart/BUILD/GAP8_V2/GCC_RISCV/test:1c000eae 00000050 T __rt_handle_illegal_instr	/home/vlad/Desktop/PULP/gap-sdk-3.9/gap_sdk/rtos/pulp/pulp-os/kernel/irq.c:94
/home/vlad/Desktop/CF_AIDECK/bitcraze_uart/BUILD/GAP8_V2/GCC_RISCV/test:1c002ec8 00000050 T __rt_i2s_init	/home/vlad/Desktop/PULP/gap-sdk-3.9/gap_sdk/rtos/pulp/pulp-os/drivers_deprecated/i2s/i2s-v1.c:268
/home/vlad/Desktop/CF_AIDECK/bitcraze_uart/BUILD/GAP8_V2/GCC_RISCV/test:1c002f66 00000050 t __rt_io_uart_wait_req	/home/vlad/Desktop/PULP/gap-sdk-3.9/gap_sdk/rtos/pulp/pulp-os/libs/io/io.c:315
/home/vlad/Desktop/CF_AIDECK/bitcraze_uart/BUILD/GAP8_V2/GCC_RISCV/test:00000308 00000050 D __rt_udma_channels
/home/vlad/Desktop/CF_AIDECK/bitcraze_uart/BUILD/GAP8_V2/GCC_RISCV/test:1c000efe 00000052 T __rt_irq_init	/home/vlad/Desktop/PULP/gap-sdk-3.9/gap_sdk/rtos/pulp/pulp-os/kernel/irq.c:103
/home/vlad/Desktop/CF_AIDECK/bitcraze_uart/BUILD/GAP8_V2/GCC_RISCV/test:1c00244e 00000056 T rt_cluster_mount	/home/vlad/Desktop/PULP/gap-sdk-3.9/gap_sdk/rtos/pulp/pulp-os/kernel/pulpos_emu.c:68
/home/vlad/Desktop/CF_AIDECK/bitcraze_uart/BUILD/GAP8_V2/GCC_RISCV/test:1c001a80 00000056 T __rt_periph_wait_event	/home/vlad/Desktop/PULP/gap-sdk-3.9/gap_sdk/rtos/pulp/pulp-os/kernel/periph-v2.c:237
/home/vlad/Desktop/CF_AIDECK/bitcraze_uart/BUILD/GAP8_V2/GCC_RISCV/test:1c004d3c 00000058 b __pos_pwm	/home/vlad/Desktop/PULP/gap-sdk-3.9/gap_sdk/rtos/pulp/pulp-os/drivers/pwm/pwm-v1.c:43
/home/vlad/Desktop/CF_AIDECK/bitcraze_uart/BUILD/GAP8_V2/GCC_RISCV/test:1c002ff6 0000005a t __rt_io_start	/home/vlad/Desktop/PULP/gap-sdk-3.9/gap_sdk/rtos/pulp/pulp-os/libs/io/io.c:746
/home/vlad/Desktop/CF_AIDECK/bitcraze_uart/BUILD/GAP8_V2/GCC_RISCV/test:1c00443a 0000005c T __rt_uart_init	/home/vlad/Desktop/PULP/gap-sdk-3.9/gap_sdk/rtos/pulp/pulp-os/drivers_deprecated/uart/uart.c:292
/home/vlad/Desktop/CF_AIDECK/bitcraze_uart/BUILD/GAP8_V2/GCC_RISCV/test:1c0028aa 0000005e T __pi_uart_handle_copy	/home/vlad/Desktop/PULP/gap-sdk-3.9/gap_sdk/rtos/pulp/pulp-os/drivers/uart/uart.c:68
/home/vlad/Desktop/CF_AIDECK/bitcraze_uart/BUILD/GAP8_V2/GCC_RISCV/test:1c001ad6 0000005e T __rt_periph_init	/home/vlad/Desktop/PULP/gap-sdk-3.9/gap_sdk/rtos/pulp/pulp-os/kernel/periph-v2.c:276
/home/vlad/Desktop/CF_AIDECK/bitcraze_uart/BUILD/GAP8_V2/GCC_RISCV/test:1c00332c 0000005e T __rt_putc_debug_bridge	/home/vlad/Desktop/PULP/gap-sdk-3.9/gap_sdk/rtos/pulp/pulp-os/libs/io/io.c:288
/home/vlad/Desktop/CF_AIDECK/bitcraze_uart/BUILD/GAP8_V2/GCC_RISCV/test:1c001fe2 00000062 t __rt_init_cluster_data	/home/vlad/Desktop/PULP/gap-sdk-3.9/gap_sdk/rtos/pulp/pulp-os/kernel/cluster.c:72
/home/vlad/Desktop/CF_AIDECK/bitcraze_uart/BUILD/GAP8_V2/GCC_RISCV/test:1c002044 00000064 t __rt_cluster_init	/home/vlad/Desktop/PULP/gap-sdk-3.9/gap_sdk/rtos/pulp/pulp-os/kernel/cluster.c:382
/home/vlad/Desktop/CF_AIDECK/bitcraze_uart/BUILD/GAP8_V2/GCC_RISCV/test:1c0014ba 00000064 T __rt_event_execute	/home/vlad/Desktop/PULP/gap-sdk-3.9/gap_sdk/rtos/pulp/pulp-os/kernel/events.c:189
/home/vlad/Desktop/CF_AIDECK/bitcraze_uart/BUILD/GAP8_V2/GCC_RISCV/test:1c00169e 0000006a T __rt_allocs_init	/home/vlad/Desktop/PULP/gap-sdk-3.9/gap_sdk/rtos/pulp/pulp-os/kernel/alloc.c:465
/home/vlad/Desktop/CF_AIDECK/bitcraze_uart/BUILD/GAP8_V2/GCC_RISCV/test:1c001304 0000006e T __rt_bridge_req_shutdown	/home/vlad/Desktop/PULP/gap-sdk-3.9/gap_sdk/rtos/pulp/pulp-os/kernel/bridge.c:774
/home/vlad/Desktop/CF_AIDECK/bitcraze_uart/BUILD/GAP8_V2/GCC_RISCV/test:1c0022d6 00000070 T __rt_cluster_push_fc_event	/home/vlad/Desktop/PULP/gap-sdk-3.9/gap_sdk/rtos/pulp/pulp-os/kernel/cluster.c:413
/home/vlad/Desktop/CF_AIDECK/bitcraze_uart/BUILD/GAP8_V2/GCC_RISCV/test:1c003070 00000070 t __rt_io_lock
/home/vlad/Desktop/CF_AIDECK/bitcraze_uart/BUILD/GAP8_V2/GCC_RISCV/test:1c003112 00000070 t __rt_io_unlock
/home/vlad/Desktop/CF_AIDECK/bitcraze_uart/BUILD/GAP8_V2/GCC_RISCV/test:1c002ae6 00000072 T __pi_uart_init	/home/vlad/Desktop/PULP/gap-sdk-3.9/gap_sdk/rtos/pulp/pulp-os/drivers/uart/uart.c:622
/home/vlad/Desktop/CF_AIDECK/bitcraze_uart/BUILD/GAP8_V2/GCC_RISCV/test:1c0011b2 00000072 T __rt_bridge_handle_notif	/home/vlad/Desktop/PULP/gap-sdk-3.9/gap_sdk/rtos/pulp/pulp-os/kernel/bridge.c:644
/home/vlad/Desktop/CF_AIDECK/bitcraze_uart/BUILD/GAP8_V2/GCC_RISCV/test:1c00354e 00000072 T __rt_io_init	/home/vlad/Desktop/PULP/gap-sdk-3.9/gap_sdk/rtos/pulp/pulp-os/libs/io/io.c:800
/home/vlad/Desktop/CF_AIDECK/bitcraze_uart/BUILD/GAP8_V2/GCC_RISCV/test:1c0034d2 00000074 T exit	/home/vlad/Desktop/PULP/gap-sdk-3.9/gap_sdk/rtos/pulp/pulp-os/libs/io/io.c:690
/home/vlad/Desktop/CF_AIDECK/bitcraze_uart/BUILD/GAP8_V2/GCC_RISCV/test:1c0013e6 00000074 T rt_event_alloc	/home/vlad/Desktop/PULP/gap-sdk-3.9/gap_sdk/rtos/pulp/pulp-os/kernel/events.c:52
/home/vlad/Desktop/CF_AIDECK/bitcraze_uart/BUILD/GAP8_V2/GCC_RISCV/test:1c001738 0000007a T rt_event_push_delayed	/home/vlad/Desktop/PULP/gap-sdk-3.9/gap_sdk/rtos/pulp/pulp-os/kernel/time.c:59
/home/vlad/Desktop/CF_AIDECK/bitcraze_uart/BUILD/GAP8_V2/GCC_RISCV/test:1c000f50 0000007c t __rt_fc_cluster_lock_req	/home/vlad/Desktop/PULP/gap-sdk-3.9/gap_sdk/rtos/pulp/pulp-os/kernel/utils.c:142
/home/vlad/Desktop/CF_AIDECK/bitcraze_uart/BUILD/GAP8_V2/GCC_RISCV/test:1c00278c 00000080 t __pi_uart_copy_enqueue	/home/vlad/Desktop/PULP/gap-sdk-3.9/gap_sdk/rtos/pulp/pulp-os/drivers/uart/uart.c:170
/home/vlad/Desktop/CF_AIDECK/bitcraze_uart/BUILD/GAP8_V2/GCC_RISCV/test:1c004e2c 00000080 b __rt_io_event	/home/vlad/Desktop/PULP/gap-sdk-3.9/gap_sdk/rtos/pulp/pulp-os/libs/io/io.c:39
/home/vlad/Desktop/CF_AIDECK/bitcraze_uart/BUILD/GAP8_V2/GCC_RISCV/test:1c004c8c 00000080 d __rt_putc_host_buffer	/home/vlad/Desktop/PULP/gap-sdk-3.9/gap_sdk/rtos/pulp/pulp-os/libs/io/io.c:47
/home/vlad/Desktop/CF_AIDECK/bitcraze_uart/BUILD/GAP8_V2/GCC_RISCV/test:1c002d00 00000086 T __pi_gpio_handler	/home/vlad/Desktop/PULP/gap-sdk-3.9/gap_sdk/rtos/pulp/pulp-os/drivers/gpio/gpio-v2.c:54
/home/vlad/Desktop/CF_AIDECK/bitcraze_uart/BUILD/GAP8_V2/GCC_RISCV/test:1c004332 00000088 T __rt_uart_open	/home/vlad/Desktop/PULP/gap-sdk-3.9/gap_sdk/rtos/pulp/pulp-os/drivers_deprecated/uart/uart.c:151
/home/vlad/Desktop/CF_AIDECK/bitcraze_uart/BUILD/GAP8_V2/GCC_RISCV/test:1c002a1a 0000008a T pi_uart_close	/home/vlad/Desktop/PULP/gap-sdk-3.9/gap_sdk/rtos/pulp/pulp-os/drivers/uart/uart.c:392
/home/vlad/Desktop/CF_AIDECK/bitcraze_uart/BUILD/GAP8_V2/GCC_RISCV/test:1c003250 0000008c t __rt_io_uart_wait_pending	/home/vlad/Desktop/PULP/gap-sdk-3.9/gap_sdk/rtos/pulp/pulp-os/libs/io/io.c:332
/home/vlad/Desktop/CF_AIDECK/bitcraze_uart/BUILD/GAP8_V2/GCC_RISCV/test:1c001c0e 0000008c T __rt_pmu_cluster_power_down	/home/vlad/Desktop/PULP/gap-sdk-3.9/gap_sdk/rtos/pulp/pulp-os/kernel/gap/pmu_driver.c:205
/home/vlad/Desktop/CF_AIDECK/bitcraze_uart/BUILD/GAP8_V2/GCC_RISCV/test:1c0017d2 0000008c T __rt_time_init	/home/vlad/Desktop/PULP/gap-sdk-3.9/gap_sdk/rtos/pulp/pulp-os/kernel/time.c:136
/home/vlad/Desktop/CF_AIDECK/bitcraze_uart/BUILD/GAP8_V2/GCC_RISCV/test:1c0026ce 00000090 t __pi_uart_copy_enqueue_exec_flow_control
/home/vlad/Desktop/CF_AIDECK/bitcraze_uart/BUILD/GAP8_V2/GCC_RISCV/test:1c0023be 00000090 T rt_cluster_call	/home/vlad/Desktop/PULP/gap-sdk-3.9/gap_sdk/rtos/pulp/pulp-os/kernel/pulpos_emu.c:40
/home/vlad/Desktop/CF_AIDECK/bitcraze_uart/BUILD/GAP8_V2/GCC_RISCV/test:1c002c12 00000092 T pi_pwm_open	/home/vlad/Desktop/PULP/gap-sdk-3.9/gap_sdk/rtos/pulp/pulp-os/drivers/pwm/pwm-v1.c:53
/home/vlad/Desktop/CF_AIDECK/bitcraze_uart/BUILD/GAP8_V2/GCC_RISCV/test:1c003604 00000092 t _to_x	/home/vlad/Desktop/PULP/gap-sdk-3.9/gap_sdk/rtos/pulp/pulp-os/libs/io/prf.c:44
/home/vlad/Desktop/CF_AIDECK/bitcraze_uart/BUILD/GAP8_V2/GCC_RISCV/test:1c004d94 00000098 b __rt_gpio	/home/vlad/Desktop/PULP/gap-sdk-3.9/gap_sdk/rtos/pulp/pulp-os/drivers/gpio/gpio-v2.c:34
/home/vlad/Desktop/CF_AIDECK/bitcraze_uart/BUILD/GAP8_V2/GCC_RISCV/test:1c001d78 000000a2 T InitOneFll	/home/vlad/Desktop/PULP/gap-sdk-3.9/gap_sdk/rtos/pulp/pulp-os/kernel/gap/pmu_driver.c:771
/home/vlad/Desktop/CF_AIDECK/bitcraze_uart/BUILD/GAP8_V2/GCC_RISCV/test:1c0033c2 000000a8 t tfp_putc.isra.9	/home/vlad/Desktop/PULP/gap-sdk-3.9/gap_sdk/rtos/pulp/pulp-os/libs/io/io.c:795
/home/vlad/Desktop/CF_AIDECK/bitcraze_uart/BUILD/GAP8_V2/GCC_RISCV/test:1c001f1c 000000ac T __rt_pmu_init	/home/vlad/Desktop/PULP/gap-sdk-3.9/gap_sdk/rtos/pulp/pulp-os/kernel/gap/pmu_driver.c:472
/home/vlad/Desktop/CF_AIDECK/bitcraze_uart/BUILD/GAP8_V2/GCC_RISCV/test:1c004b28 000000c0 D __hal_debug_struct
/home/vlad/Desktop/CF_AIDECK/bitcraze_uart/BUILD/GAP8_V2/GCC_RISCV/test:1c001e1a 000000c2 T __rt_pmu_cluster_power_up
/home/vlad/Desktop/CF_AIDECK/bitcraze_uart/BUILD/GAP8_V2/GCC_RISCV/test:1c00259e 000000c6 t __pi_uart_flow_control_enable	/home/vlad/Desktop/PULP/gap-sdk-3.9/gap_sdk/rtos/pulp/pulp-os/drivers/uart/uart.c:545
/home/vlad/Desktop/CF_AIDECK/bitcraze_uart/BUILD/GAP8_V2/GCC_RISCV/test:1c000bb8 000000c6 T test_uart_helloworld
/home/vlad/Desktop/CF_AIDECK/bitcraze_uart/BUILD/GAP8_V2/GCC_RISCV/test:1c003182 000000ce t __rt_io_uart_flush.constprop.11	/home/vlad/Desktop/PULP/gap-sdk-3.9/gap_sdk/rtos/pulp/pulp-os/libs/io/io.c:795
/home/vlad/Desktop/CF_AIDECK/bitcraze_uart/BUILD/GAP8_V2/GCC_RISCV/test:1c0021d2 000000d4 T pi_cluster_open	/home/vlad/Desktop/PULP/gap-sdk-3.9/gap_sdk/rtos/pulp/pulp-os/kernel/cluster.c:343
/home/vlad/Desktop/CF_AIDECK/bitcraze_uart/BUILD/GAP8_V2/GCC_RISCV/test:1c001c9a 000000de T SetFllFrequency
/home/vlad/Desktop/CF_AIDECK/bitcraze_uart/BUILD/GAP8_V2/GCC_RISCV/test:1c00185e 000000f2 T __rt_timer_handler	/home/vlad/Desktop/PULP/gap-sdk-3.9/gap_sdk/rtos/pulp/pulp-os/kernel/time_irq.c:30
/home/vlad/Desktop/CF_AIDECK/bitcraze_uart/BUILD/GAP8_V2/GCC_RISCV/test:1c002922 000000f8 T pi_uart_open	/home/vlad/Desktop/PULP/gap-sdk-3.9/gap_sdk/rtos/pulp/pulp-os/drivers/uart/uart.c:328
/home/vlad/Desktop/CF_AIDECK/bitcraze_uart/BUILD/GAP8_V2/GCC_RISCV/test:1c0024a4 000000fa T pi_cluster_send_task_to_cl_async	/home/vlad/Desktop/PULP/gap-sdk-3.9/gap_sdk/rtos/pulp/pulp-os/kernel/cluster_call.c:65
/home/vlad/Desktop/CF_AIDECK/bitcraze_uart/BUILD/GAP8_V2/GCC_RISCV/test:1c00474c 00000100 R __clz_tab
/home/vlad/Desktop/CF_AIDECK/bitcraze_uart/BUILD/GAP8_V2/GCC_RISCV/test:1c0020a8 00000124 t __rt_cluster_mount_step	/home/vlad/Desktop/PULP/gap-sdk-3.9/gap_sdk/rtos/pulp/pulp-os/kernel/cluster.c:221
/home/vlad/Desktop/CF_AIDECK/bitcraze_uart/BUILD/GAP8_V2/GCC_RISCV/test:1c001950 00000130 T rt_periph_copy	/home/vlad/Desktop/PULP/gap-sdk-3.9/gap_sdk/rtos/pulp/pulp-os/kernel/periph-v2.c:58
/home/vlad/Desktop/CF_AIDECK/bitcraze_uart/BUILD/GAP8_V2/GCC_RISCV/test:1c000cce 00000166 T __rt_init	/home/vlad/Desktop/PULP/gap-sdk-3.9/gap_sdk/rtos/pulp/pulp-os/kernel/init.c:74
/home/vlad/Desktop/CF_AIDECK/bitcraze_uart/BUILD/GAP8_V2/GCC_RISCV/test:00000030 00000280 D periph_channels
/home/vlad/Desktop/CF_AIDECK/bitcraze_uart/BUILD/GAP8_V2/GCC_RISCV/test:1c000858 0000032e T __umoddi3	/home/haugoug/src/riscv-gnu-toolchain/riscv-gcc/libgcc/libgcc2.c:1305
/home/vlad/Desktop/CF_AIDECK/bitcraze_uart/BUILD/GAP8_V2/GCC_RISCV/test:1c00051c 0000033c T __udivdi3	/home/haugoug/src/riscv-gnu-toolchain/riscv-gcc/libgcc/libgcc2.c:1317
/home/vlad/Desktop/CF_AIDECK/bitcraze_uart/BUILD/GAP8_V2/GCC_RISCV/test:1b0003e8 00000800 D __rt_fc_stack
/home/vlad/Desktop/CF_AIDECK/bitcraze_uart/BUILD/GAP8_V2/GCC_RISCV/test:1c00372e 00000ab6 T _prf	/home/vlad/Desktop/PULP/gap-sdk-3.9/gap_sdk/rtos/pulp/pulp-os/libs/io/prf.c:437
